// Jest Snapshot v1, https://goo.gl/fbAQLP

exports[`Test should return 10 1`] = `
<Fragment>
  <h1>
    Hello World!
  </h1>
</Fragment>
`;
